2026-06-11 21:42:59,604 | WARNING | PyNaCl is not installed, voice will NOT be supported
2026-06-11 21:42:59,604 | WARNING | davey is not installed, voice will NOT be supported
2026-06-11 21:42:59,607 | INFO | logging in using static token
2026-06-11 21:45:52,447 | WARNING | PyNaCl is not installed, voice will NOT be supported
2026-06-11 21:45:52,448 | WARNING | davey is not installed, voice will NOT be supported
2026-06-11 21:45:52,452 | INFO | logging in using static token
2026-06-11 21:45:53,908 | INFO | Slash commands synced
2026-06-11 21:45:54,764 | INFO | Shard ID None has connected to Gateway (Session ID: c6fd1db042850021ea3136ba50df00f7).
2026-06-11 21:45:56,779 | INFO | Started as smirkface#3856
2026-06-11 21:46:52,821 | INFO | Command: blacklist by surt1yo
2026-06-11 21:48:24,905 | INFO | Command: blacklist by surt1yo
2026-06-11 21:52:04,996 | WARNING | PyNaCl is not installed, voice will NOT be supported
2026-06-11 21:52:04,996 | WARNING | davey is not installed, voice will NOT be supported
2026-06-11 21:52:05,000 | INFO | logging in using static token
2026-06-11 21:52:06,647 | INFO | Slash commands synced
2026-06-11 21:52:07,614 | INFO | Shard ID None has connected to Gateway (Session ID: 197c122f889a297fffd949822ecb0543).
2026-06-11 21:52:09,629 | INFO | Started as smirkface#3856
2026-06-11 21:52:17,089 | INFO | Command: whitelist by surt1yo
2026-06-11 21:52:30,814 | INFO | Command: reload by surt1yo
2026-06-11 21:53:18,056 | INFO | Reloaded cog cogs.general because its file changed
2026-06-11 21:53:18,091 | INFO | Reloaded cog cogs.afk because its file changed
2026-06-11 21:53:18,121 | INFO | Reloaded cog cogs.admin because its file changed
2026-06-11 21:53:18,136 | INFO | Reloaded cog cogs.stats because its file changed
2026-06-11 21:53:18,152 | INFO | Reloaded cog cogs.logging because its file changed
2026-06-11 21:53:34,229 | INFO | Reloaded cog cogs.general because its file changed
2026-06-11 21:53:34,234 | INFO | Reloaded cog cogs.afk because its file changed
2026-06-11 21:53:34,244 | INFO | Reloaded cog cogs.admin because its file changed
2026-06-11 21:53:34,249 | INFO | Reloaded cog cogs.stats because its file changed
2026-06-11 21:53:34,254 | INFO | Reloaded cog cogs.logging because its file changed
2026-06-11 21:55:01,944 | INFO | Command: ping by surt1yo
2026-06-11 21:55:07,388 | INFO | Command: help by surt1yo
2026-06-11 21:55:18,528 | INFO | Command: afk by surt1yo
2026-06-11 21:56:27,230 | INFO | Reloaded cog cogs.afk because its file changed
2026-06-11 21:56:47,337 | INFO | Reloaded cog cogs.afk because its file changed
2026-06-11 21:56:57,233 | INFO | Command: restart by surt1yo
2026-06-11 21:56:58,326 | WARNING | PyNaCl is not installed, voice will NOT be supported
2026-06-11 21:56:58,326 | WARNING | davey is not installed, voice will NOT be supported
2026-06-11 21:56:58,327 | INFO | logging in using static token
2026-06-11 21:56:59,495 | INFO | Slash commands synced
2026-06-11 21:57:01,199 | INFO | Shard ID None has connected to Gateway (Session ID: 041db82e99977f26a15b47c7c91854fb).
2026-06-11 21:57:03,220 | INFO | Started as smirkface#3856
2026-06-11 21:58:13,690 | INFO | Reloaded cog cogs.admin because its file changed
2026-06-11 21:58:15,722 | INFO | Reloaded cog cogs.admin because its file changed
2026-06-11 21:58:19,804 | INFO | Reloaded cog cogs.admin because its file changed
2026-06-11 21:58:23,823 | INFO | Reloaded cog cogs.admin because its file changed
2026-06-11 21:58:38,732 | INFO | Command: restart by surt1yo
2026-06-11 21:58:40,241 | WARNING | PyNaCl is not installed, voice will NOT be supported
2026-06-11 21:58:40,241 | WARNING | davey is not installed, voice will NOT be supported
2026-06-11 21:58:40,242 | INFO | logging in using static token
2026-06-11 21:58:41,777 | INFO | Slash commands synced
2026-06-11 21:58:42,901 | INFO | Shard ID None has connected to Gateway (Session ID: 8163cc0a9e948c77d622c84ce2bd5ea3).
2026-06-11 21:58:44,917 | INFO | Started as smirkface#3856
2026-06-11 21:58:58,996 | INFO | Command: afk by surt1yo
2026-06-11 22:00:25,412 | INFO | Reloaded cog cogs.afk because its file changed
2026-06-11 22:00:27,428 | INFO | Reloaded cog cogs.afk because its file changed
2026-06-11 22:01:06,238 | INFO | Command: restart by surt1yo
2026-06-11 22:01:07,789 | WARNING | PyNaCl is not installed, voice will NOT be supported
2026-06-11 22:01:07,790 | WARNING | davey is not installed, voice will NOT be supported
2026-06-11 22:01:07,791 | INFO | logging in using static token
2026-06-11 22:01:09,744 | INFO | Slash commands synced
2026-06-11 22:01:10,890 | INFO | Shard ID None has connected to Gateway (Session ID: 8b9679db571fada8e9582585a8840844).
2026-06-11 22:01:12,912 | INFO | Started as smirkface#3856
2026-06-11 22:01:25,052 | INFO | Command: afk by surt1yo
2026-06-12 08:43:39,012 | WARNING | PyNaCl is not installed, voice will NOT be supported
2026-06-12 08:43:39,013 | WARNING | davey is not installed, voice will NOT be supported
2026-06-12 08:43:39,017 | INFO | logging in using static token
2026-06-12 08:43:41,799 | INFO | Slash commands synced
2026-06-12 08:43:43,589 | INFO | Shard ID None has connected to Gateway (Session ID: 9de76ad8ac915e9288a114ed3d9094c4).
2026-06-12 08:43:45,671 | INFO | Started as smirkface#3856
2026-06-12 08:44:03,617 | INFO | Command: botstats by surt1yo
2026-06-12 08:44:52,032 | INFO | Reloaded cog cogs.stats because its file changed
2026-06-12 08:44:54,048 | INFO | Reloaded cog cogs.stats because its file changed
2026-06-12 08:45:19,573 | WARNING | PyNaCl is not installed, voice will NOT be supported
2026-06-12 08:45:19,573 | WARNING | davey is not installed, voice will NOT be supported
2026-06-12 08:45:19,575 | INFO | logging in using static token
2026-06-12 08:45:22,196 | INFO | Slash commands synced
2026-06-12 08:45:23,833 | INFO | Shard ID None has connected to Gateway (Session ID: 54b4015629d279780136d25742695daa).
2026-06-12 08:45:25,846 | INFO | Started as smirkface#3856
2026-06-12 08:48:04,753 | INFO | Command: restart by surt1yo
2026-06-12 08:48:07,769 | WARNING | PyNaCl is not installed, voice will NOT be supported
2026-06-12 08:48:07,770 | WARNING | davey is not installed, voice will NOT be supported
2026-06-12 08:48:07,770 | INFO | logging in using static token
2026-06-12 08:48:10,193 | INFO | Slash commands synced
2026-06-12 08:48:12,155 | INFO | Shard ID None has connected to Gateway (Session ID: 936a5f07f7a72222381b0eed8605e85c).
2026-06-12 08:48:14,172 | INFO | Started as smirkface#3856
2026-06-12 08:50:18,016 | INFO | Command: restart by surt1yo
2026-06-12 08:50:21,338 | WARNING | PyNaCl is not installed, voice will NOT be supported
2026-06-12 08:50:21,338 | WARNING | davey is not installed, voice will NOT be supported
2026-06-12 08:50:21,340 | INFO | logging in using static token
2026-06-12 08:50:24,274 | INFO | Slash commands synced
2026-06-12 08:50:25,826 | INFO | Shard ID None has connected to Gateway (Session ID: 181db1520898b776d5138c2834b8b129).
2026-06-12 08:50:27,842 | INFO | Started as smirkface#3856
2026-06-12 08:50:44,449 | INFO | Command: afk by surt1yo
2026-06-12 09:11:21,962 | INFO | Shard ID None has successfully RESUMED session 181db1520898b776d5138c2834b8b129.
2026-06-12 09:16:03,256 | INFO | Shard ID None has successfully RESUMED session 181db1520898b776d5138c2834b8b129.
2026-06-12 09:53:55,516 | ERROR | Attempting a reconnect in 0.94s
Traceback (most recent call last):
  File "C:\Users\mezaa\Downloads\discord-bot\.venv\lib\site-packages\aiohttp\connector.py", line 1571, in _create_direct_connection
    hosts = await self._resolve_host(host, port, traces=traces)
  File "C:\Users\mezaa\Downloads\discord-bot\.venv\lib\site-packages\aiohttp\connector.py", line 1181, in _resolve_host
    return await asyncio.shield(resolved_host_task)
  File "C:\Users\mezaa\Downloads\discord-bot\.venv\lib\site-packages\aiohttp\connector.py", line 1212, in _resolve_host_with_throttle
    addrs = await self._resolver.resolve(host, port, family=self._family)
  File "C:\Users\mezaa\Downloads\discord-bot\.venv\lib\site-packages\aiohttp\resolver.py", line 40, in resolve
    infos = await self._loop.getaddrinfo(
  File "C:\Users\mezaa\AppData\Local\Programs\Python\Python310\lib\asyncio\base_events.py", line 855, in getaddrinfo
    return await self.run_in_executor(
  File "C:\Users\mezaa\AppData\Local\Programs\Python\Python310\lib\concurrent\futures\thread.py", line 52, in run
    result = self.fn(*self.args, **self.kwargs)
  File "C:\Users\mezaa\AppData\Local\Programs\Python\Python310\lib\socket.py", line 955, in getaddrinfo
    for res in _socket.getaddrinfo(host, port, family, type, proto, flags):
socket.gaierror: [Errno 11004] getaddrinfo failed

The above exception was the direct cause of the following exception:

Traceback (most recent call last):
  File "C:\Users\mezaa\Downloads\discord-bot\.venv\lib\site-packages\discord\client.py", line 728, in connect
    self.ws = await asyncio.wait_for(coro, timeout=60.0)
  File "C:\Users\mezaa\AppData\Local\Programs\Python\Python310\lib\asyncio\tasks.py", line 447, in wait_for
    return fut.result()
  File "C:\Users\mezaa\Downloads\discord-bot\.venv\lib\site-packages\discord\gateway.py", line 392, in from_client
    socket = await client.http.ws_connect(str(url))
  File "C:\Users\mezaa\Downloads\discord-bot\.venv\lib\site-packages\discord\http.py", line 571, in ws_connect
    return await self.__session.ws_connect(url, **kwargs)
  File "C:\Users\mezaa\Downloads\discord-bot\.venv\lib\site-packages\aiohttp\client.py", line 1244, in _ws_connect
    resp = await self.request(
  File "C:\Users\mezaa\Downloads\discord-bot\.venv\lib\site-packages\aiohttp\client.py", line 856, in _request
    resp = await handler(req)
  File "C:\Users\mezaa\Downloads\discord-bot\.venv\lib\site-packages\aiohttp\client.py", line 810, in _connect_and_send_request
    conn = await self._connector.connect(
  File "C:\Users\mezaa\Downloads\discord-bot\.venv\lib\site-packages\aiohttp\connector.py", line 657, in connect
    proto = await self._create_connection(req, traces, timeout)
  File "C:\Users\mezaa\Downloads\discord-bot\.venv\lib\site-packages\aiohttp\connector.py", line 1242, in _create_connection
    _, proto = await self._create_direct_connection(req, traces, timeout)
  File "C:\Users\mezaa\Downloads\discord-bot\.venv\lib\site-packages\aiohttp\connector.py", line 1577, in _create_direct_connection
    raise ClientConnectorDNSError(req.connection_key, exc) from exc
aiohttp.client_exceptions.ClientConnectorDNSError: Cannot connect to host gateway-us-east1-d.discord.gg:443 ssl:default [getaddrinfo failed]
2026-06-12 09:54:12,106 | INFO | Shard ID None session has been invalidated.
2026-06-12 09:54:12,920 | ERROR | Attempting a reconnect in 0.35s
Traceback (most recent call last):
  File "C:\Users\mezaa\Downloads\discord-bot\.venv\lib\site-packages\aiohttp\connector.py", line 1301, in _wrap_create_connection
    sock = await aiohappyeyeballs.start_connection(
  File "C:\Users\mezaa\Downloads\discord-bot\.venv\lib\site-packages\aiohappyeyeballs\impl.py", line 124, in start_connection
    raise first_exception
  File "C:\Users\mezaa\Downloads\discord-bot\.venv\lib\site-packages\aiohappyeyeballs\impl.py", line 75, in start_connection
    sock = await _connect_sock(
  File "C:\Users\mezaa\Downloads\discord-bot\.venv\lib\site-packages\aiohappyeyeballs\impl.py", line 210, in _connect_sock
    await loop.sock_connect(sock, address)
  File "C:\Users\mezaa\AppData\Local\Programs\Python\Python310\lib\asyncio\proactor_events.py", line 704, in sock_connect
    return await self._proactor.connect(sock, address)
  File "C:\Users\mezaa\AppData\Local\Programs\Python\Python310\lib\asyncio\windows_events.py", line 812, in _poll
    value = callback(transferred, key, ov)
  File "C:\Users\mezaa\AppData\Local\Programs\Python\Python310\lib\asyncio\windows_events.py", line 599, in finish_connect
    ov.getresult()
PermissionError: [WinError 5] Access is denied

The above exception was the direct cause of the following exception:

Traceback (most recent call last):
  File "C:\Users\mezaa\Downloads\discord-bot\.venv\lib\site-packages\discord\client.py", line 728, in connect
    self.ws = await asyncio.wait_for(coro, timeout=60.0)
  File "C:\Users\mezaa\AppData\Local\Programs\Python\Python310\lib\asyncio\tasks.py", line 447, in wait_for
    return fut.result()
  File "C:\Users\mezaa\Downloads\discord-bot\.venv\lib\site-packages\discord\gateway.py", line 392, in from_client
    socket = await client.http.ws_connect(str(url))
  File "C:\Users\mezaa\Downloads\discord-bot\.venv\lib\site-packages\discord\http.py", line 571, in ws_connect
    return await self.__session.ws_connect(url, **kwargs)
  File "C:\Users\mezaa\Downloads\discord-bot\.venv\lib\site-packages\aiohttp\client.py", line 1244, in _ws_connect
    resp = await self.request(
  File "C:\Users\mezaa\Downloads\discord-bot\.venv\lib\site-packages\aiohttp\client.py", line 856, in _request
    resp = await handler(req)
  File "C:\Users\mezaa\Downloads\discord-bot\.venv\lib\site-packages\aiohttp\client.py", line 810, in _connect_and_send_request
    conn = await self._connector.connect(
  File "C:\Users\mezaa\Downloads\discord-bot\.venv\lib\site-packages\aiohttp\connector.py", line 657, in connect
    proto = await self._create_connection(req, traces, timeout)
  File "C:\Users\mezaa\Downloads\discord-bot\.venv\lib\site-packages\aiohttp\connector.py", line 1242, in _create_connection
    _, proto = await self._create_direct_connection(req, traces, timeout)
  File "C:\Users\mezaa\Downloads\discord-bot\.venv\lib\site-packages\aiohttp\connector.py", line 1620, in _create_direct_connection
    raise last_exc
  File "C:\Users\mezaa\Downloads\discord-bot\.venv\lib\site-packages\aiohttp\connector.py", line 1589, in _create_direct_connection
    transp, proto = await self._wrap_create_connection(
  File "C:\Users\mezaa\Downloads\discord-bot\.venv\lib\site-packages\aiohttp\connector.py", line 1324, in _wrap_create_connection
    raise client_error(req.connection_key, exc) from exc
aiohttp.client_exceptions.ClientConnectorError: Cannot connect to host gateway-us-east1-d.discord.gg:443 ssl:default [Access is denied]
2026-06-12 09:54:23,905 | INFO | Shard ID None session has been invalidated.
2026-06-12 09:54:31,361 | INFO | Shard ID None has connected to Gateway (Session ID: 6ad8b91b9f341520799d1c32783ab43f).
2026-06-12 09:54:33,360 | INFO | Started as smirkface#3856
2026-06-12 09:55:53,438 | INFO | Command: botstats by surt1yo
2026-06-12 09:56:02,963 | INFO | Command: afk by surt1yo
2026-06-12 09:56:10,025 | INFO | Command: afk by surt1yo
2026-06-12 10:18:18,128 | INFO | Shard ID None has successfully RESUMED session 6ad8b91b9f341520799d1c32783ab43f.
